ontouchstart/rpi-docker-hello   latest              e8d68afbb556        1 seconds ago       582.5 kB
hello from rpi-docker-hello
